C:\Users\MANOJ KUMAR T\AppData\Local\Programs\Python\Python312\Lib\pickle.py:1710: UserWarning: [21:28:47] WARNING: C:\actions-runner\_work\xgboost\xgboost\src\data\../common/error_msg.h:83: If you are loading a serialized model (like pickle in Python, RDS in R) or
configuration generated by an older version of XGBoost, please export the model by calling
`Booster.save_model` from that version first, then load it back in current version. See:

    https://xgboost.readthedocs.io/en/stable/tutorials/saving_model.html

for more details about differences between saving model and serializing.

  setstate(state)
2026-07-27 21:28:47  [INFO]  Starting Mine Safety Risk Prediction API on port 5000...
 * Serving Flask app 'api'
 * Debug mode: on
2026-07-27 21:28:47  [INFO]  [31m[1mWARNING: This is a development server. Do not use it in a production deployment. Use a production WSGI server instead.[0m
 * Running on all addresses (0.0.0.0)
 * Running on http://127.0.0.1:5000
 * Running on http://192.168.29.56:5000
2026-07-27 21:28:47  [INFO]  [33mPress CTRL+C to quit[0m
2026-07-27 21:28:47  [INFO]   * Restarting with stat
C:\Users\MANOJ KUMAR T\AppData\Local\Programs\Python\Python312\Lib\pickle.py:1710: UserWarning: [21:28:51] WARNING: C:\actions-runner\_work\xgboost\xgboost\src\data\../common/error_msg.h:83: If you are loading a serialized model (like pickle in Python, RDS in R) or
configuration generated by an older version of XGBoost, please export the model by calling
`Booster.save_model` from that version first, then load it back in current version. See:

    https://xgboost.readthedocs.io/en/stable/tutorials/saving_model.html

for more details about differences between saving model and serializing.

  setstate(state)
2026-07-27 21:28:51  [INFO]  Starting Mine Safety Risk Prediction API on port 5000...
2026-07-27 21:28:51  [WARNING]   * Debugger is active!
2026-07-27 21:28:51  [INFO]   * Debugger PIN: 128-715-140
2026-07-27 21:37:57  [INFO]  Health check requested.
2026-07-27 21:37:57  [INFO]  127.0.0.1 - - [27/Jul/2026 21:37:57] "GET / HTTP/1.1" 200 -
2026-07-27 21:37:57  [INFO]  127.0.0.1 - - [27/Jul/2026 21:37:57] "[33mGET /favicon.ico HTTP/1.1[0m" 404 -
2026-07-27 21:39:20  [INFO]  127.0.0.1 - - [27/Jul/2026 21:39:20] "[31m[1mGET /predict HTTP/1.1[0m" 405 -
2026-07-27 21:41:01  [INFO]  Prediction request received with 27 field(s).
2026-07-27 21:41:01  [ERROR]  Prediction error: data did not contain feature names, but the following fields are expected: AN311, AN422, AN423, TP1721, RH1722, BA1723, TP1711, RH1712, BA1713, MM252, MM261, MM262, MM263, MM264, MM256, MM211, CM861, CR863, P_864, TC862, WM868, AMP1_IR, AMP2_IR, DMP3_IR, DMP4_IR, AMP5_IR, F_SIDE
2026-07-27 21:41:01  [INFO]  127.0.0.1 - - [27/Jul/2026 21:41:01] "[31m[1mPOST /predict HTTP/1.1[0m" 400 -
2026-07-27 21:45:01  [INFO]   * Detected change in 'e:\\4TH YEAR\\Project\\Project\\mine-ai\\app.py', reloading
2026-07-27 21:45:01  [INFO]   * Restarting with stat
C:\Users\MANOJ KUMAR T\AppData\Local\Programs\Python\Python312\Lib\pickle.py:1710: UserWarning: [21:45:04] WARNING: C:\actions-runner\_work\xgboost\xgboost\src\data\../common/error_msg.h:83: If you are loading a serialized model (like pickle in Python, RDS in R) or
configuration generated by an older version of XGBoost, please export the model by calling
`Booster.save_model` from that version first, then load it back in current version. See:

    https://xgboost.readthedocs.io/en/stable/tutorials/saving_model.html

for more details about differences between saving model and serializing.

  setstate(state)
2026-07-27 21:45:04  [INFO]  Starting Mine Safety Risk Prediction API on port 5000...
2026-07-27 21:45:04  [WARNING]   * Debugger is active!
2026-07-27 21:45:04  [INFO]   * Debugger PIN: 128-715-140
2026-07-27 21:46:15  [INFO]   * Detected change in 'e:\\4TH YEAR\\Project\\Project\\mine-ai\\predict.py', reloading
2026-07-27 21:46:15  [INFO]   * Restarting with stat
C:\Users\MANOJ KUMAR T\AppData\Local\Programs\Python\Python312\Lib\pickle.py:1710: UserWarning: [21:46:18] WARNING: C:\actions-runner\_work\xgboost\xgboost\src\data\../common/error_msg.h:83: If you are loading a serialized model (like pickle in Python, RDS in R) or
configuration generated by an older version of XGBoost, please export the model by calling
`Booster.save_model` from that version first, then load it back in current version. See:

    https://xgboost.readthedocs.io/en/stable/tutorials/saving_model.html

for more details about differences between saving model and serializing.

  setstate(state)
Traceback (most recent call last):
  File "e:\4TH YEAR\Project\Project\mine-ai\api.py", line 17, in <module>
    from predict import predict_risk, FEATURE_COLUMNS
  File "e:\4TH YEAR\Project\Project\mine-ai\predict.py", line 85, in <module>
    _scaler = _load_scaler()
              ^^^^^^^^^^^^^^
  File "e:\4TH YEAR\Project\Project\mine-ai\predict.py", line 75, in _load_scaler
    raise FileNotFoundError(
FileNotFoundError: Scaler file not found at: e:\4TH YEAR\Project\Project\mine-ai\model\scaler.pkl
Run app.py first to generate the scaler.
